<html>
<body>
<pre>
<h1>µVision Build Log</h1>
<h2>Tool Versions:</h2>
IDE-Version: ?Vision V5.23.0.0
Copyright (C) 2017 ARM Ltd and ARM Germany GmbH. All rights reserved.
License Information: C207 C207, TNI, LIC=----
 
Tool Versions:
Toolchain:       MDK-Lite  Version: 5.23
Toolchain Path:  C:\Keil_v5\ARM\ARMCC\Bin
C Compiler:      Armcc.exe V5.06 update 4 (build 422)
Assembler:       Armasm.exe V5.06 update 4 (build 422)
Linker/Locator:  ArmLink.exe V5.06 update 4 (build 422)
Library Manager: ArmAr.exe V5.06 update 4 (build 422)
Hex Converter:   FromElf.exe V5.06 update 4 (build 422)
CPU DLL:         SARMCM3.DLL V5.23
Dialog DLL:      DCM.DLL V1.15.0.0
Target DLL:      STLink\ST-LINKIII-KEIL_SWO.dll V2.0.18.0
Dialog DLL:      TCM.DLL V1.27.0.0
 
<h2>Project:</h2>
C:\Users\Administrator\Desktop\Training-TRANSTRON\Project\STM32L152-EXAMPLE\MDK-ARM\STM32L152-TRAINING.uvprojx
Project File Date:  10/19/2017

<h2>Output:</h2>
*** Using Compiler 'V5.06 update 4 (build 422)', folder: 'C:\Keil_v5\ARM\ARMCC\Bin'
Build target 'STM32L152-DISC'
assembling startup_stm32l152xb.s...
compiling stm32l1xx_hal.c...
compiling system_stm32l1xx.c...
compiling stm32l1xx_hal_adc.c...
compiling stm32l1xx_hal_comp.c...
compiling stm32l1xx_hal_cortex.c...
compiling stm32l1xx_hal_adc_ex.c...
compiling stm32l1xx_hal_i2c.c...
compiling stm32l1xx_hal_dma.c...
compiling stm32l1xx_hal_gpio.c...
compiling stm32l1xx_hal_pwr.c...
compiling stm32l1xx_hal_pwr_ex.c...
compiling stm32l1xx_hal_rcc.c...
compiling stm32l1xx_hal_spi.c...
compiling stm32l1xx_hal_tim.c...
compiling stm32l1xx_hal_uart.c...
compiling stm32l1xx_hal_usart.c...
compiling stm32l1xx_hal_dac.c...
compiling stm32l1xx_hal_dac_ex.c...
compiling stm32l1xx_hal_tim_ex.c...
compiling EX5-Timer.c...
compiling stm32l1xx_hal_msp.c...
compiling stm32l1xx_it.c...
linking...
Program Size: Code=5560 RO-data=312 RW-data=16 ZI-data=1688  
".\Objects\STM32L152-TRAINING.axf" - 0 Error(s), 0 Warning(s).

<h2>Collection of Component include folders:</h2>
  .\RTE\_STM32L152-DISC
  C:\Keil_v5\ARM\PACK\Keil\STM32L1xx_DFP\1.2.0\Device\Include

<h2>Collection of Component Files used:</h2>
Build Time Elapsed:  00:00:10
</pre>
</body>
</html>
